// Vitest Snapshot v1, https://vitest.dev/guide/snapshot.html

exports[`Loader component test > Test Loader component snapshot test 1`] = `
{
  "asFragment": [Function],
  "baseElement": <body>
    <div>
      <header
        class="MuiPaper-root MuiPaper-elevation MuiPaper-elevation4 MuiAppBar-root MuiAppBar-colorPrimary MuiAppBar-positionStatic css-hip9hq-MuiPaper-root-MuiAppBar-root"
      >
        <div
          class="MuiContainer-root MuiContainer-maxWidthXl css-19r6kue-MuiContainer-root"
        >
          <div
            class="MuiToolbar-root MuiToolbar-regular css-r6ewbb-MuiToolbar-root"
          >
            <svg
              aria-hidden="true"
              class="MuiSvgIcon-root MuiSvgIcon-fontSizeMedium css-1fysnlu-MuiSvgIcon-root"
              data-testid="NewspaperIcon"
              focusable="false"
              viewBox="0 0 24 24"
            >
              <path
                d="m22 3-1.67 1.67L18.67 3 17 4.67 15.33 3l-1.66 1.67L12 3l-1.67 1.67L8.67 3 7 4.67 5.33 3 3.67 4.67 2 3v16c0 1.1.9 2 2 2h16c1.1 0 2-.9 2-2zM11 19H4v-6h7zm9 0h-7v-2h7zm0-4h-7v-2h7zm0-4H4V8h16z"
              />
            </svg>
            <h6
              class="MuiTypography-root MuiTypography-h6 MuiTypography-noWrap css-pb0sz2-MuiTypography-root"
              data-testid="header"
            >
              My Articles
            </h6>
          </div>
        </div>
      </header>
    </div>
  </body>,
  "container": <div>
    <header
      class="MuiPaper-root MuiPaper-elevation MuiPaper-elevation4 MuiAppBar-root MuiAppBar-colorPrimary MuiAppBar-positionStatic css-hip9hq-MuiPaper-root-MuiAppBar-root"
    >
      <div
        class="MuiContainer-root MuiContainer-maxWidthXl css-19r6kue-MuiContainer-root"
      >
        <div
          class="MuiToolbar-root MuiToolbar-regular css-r6ewbb-MuiToolbar-root"
        >
          <svg
            aria-hidden="true"
            class="MuiSvgIcon-root MuiSvgIcon-fontSizeMedium css-1fysnlu-MuiSvgIcon-root"
            data-testid="NewspaperIcon"
            focusable="false"
            viewBox="0 0 24 24"
          >
            <path
              d="m22 3-1.67 1.67L18.67 3 17 4.67 15.33 3l-1.66 1.67L12 3l-1.67 1.67L8.67 3 7 4.67 5.33 3 3.67 4.67 2 3v16c0 1.1.9 2 2 2h16c1.1 0 2-.9 2-2zM11 19H4v-6h7zm9 0h-7v-2h7zm0-4h-7v-2h7zm0-4H4V8h16z"
            />
          </svg>
          <h6
            class="MuiTypography-root MuiTypography-h6 MuiTypography-noWrap css-pb0sz2-MuiTypography-root"
            data-testid="header"
          >
            My Articles
          </h6>
        </div>
      </div>
    </header>
  </div>,
  "debug": [Function],
  "findAllByAltText": [Function],
  "findAllByDisplayValue": [Function],
  "findAllByLabelText": [Function],
  "findAllByPlaceholderText": [Function],
  "findAllByRole": [Function],
  "findAllByTestId": [Function],
  "findAllByText": [Function],
  "findAllByTitle": [Function],
  "findByAltText": [Function],
  "findByDisplayValue": [Function],
  "findByLabelText": [Function],
  "findByPlaceholderText": [Function],
  "findByRole": [Function],
  "findByTestId": [Function],
  "findByText": [Function],
  "findByTitle": [Function],
  "getAllByAltText": [Function],
  "getAllByDisplayValue": [Function],
  "getAllByLabelText": [Function],
  "getAllByPlaceholderText": [Function],
  "getAllByRole": [Function],
  "getAllByTestId": [Function],
  "getAllByText": [Function],
  "getAllByTitle": [Function],
  "getByAltText": [Function],
  "getByDisplayValue": [Function],
  "getByLabelText": [Function],
  "getByPlaceholderText": [Function],
  "getByRole": [Function],
  "getByTestId": [Function],
  "getByText": [Function],
  "getByTitle": [Function],
  "queryAllByAltText": [Function],
  "queryAllByDisplayValue": [Function],
  "queryAllByLabelText": [Function],
  "queryAllByPlaceholderText": [Function],
  "queryAllByRole": [Function],
  "queryAllByTestId": [Function],
  "queryAllByText": [Function],
  "queryAllByTitle": [Function],
  "queryByAltText": [Function],
  "queryByDisplayValue": [Function],
  "queryByLabelText": [Function],
  "queryByPlaceholderText": [Function],
  "queryByRole": [Function],
  "queryByTestId": [Function],
  "queryByText": [Function],
  "queryByTitle": [Function],
  "rerender": [Function],
  "unmount": [Function],
}
`;
